{"global":{"verbose":0},"nrtUpdater":{"NoPublish":false,"Oneshot":false,"Hostname":"TEST_NODE"},"resourceMonitor":{"Namespace":"","SysfsRoot":"/sys","ResourceExclude":null,"RefreshNodeResources":false,"PodSetFingerprint":true,"PodSetFingerprintMethod":"with-exclusive-resources","ExposeTiming":false,"PodSetFingerprintStatusFile":"","PodExclude":null,"ExcludeTerminalPods":false},"topologyExporter":{"Debug":false,"ReferenceContainer":{"Namespace":"TEST_NS","PodName":"TEST_POD","ContainerName":"TEST_CONT"},"TopologyManagerPolicy":"","TopologyManagerScope":"","KubeletConfigFile":"/podresources/config.yaml","PodResourcesSocketPath":"unix:///podresources/kubelet.sock","SleepInterval":60000000000,"PodReadinessEnable":true,"NotifyFilePath":"","MaxEventsPerTimeUnit":1,"TimeUnitToLimitEvents":1000000000,"AddNRTOwnerEnable":true,"MetricsMode":"disabled"}}