{"global":{"verbose":2},"nrtUpdater":{"hostname":"TEST_NODE"},"resourceMonitor":{"sysfsRoot":"/sys","podSetFingerprint":true,"podSetFingerprintMethod":"with-exclusive-resources"},"topologyExporter":{"referenceContainer":{"namespace":"","podName":"","containerName":""},"kubeletConfigFile":"/podresources/config.yaml","podResourcesSocketPath":"unix:///podresources/kubelet.sock","sleepInterval":60000000000,"podReadinessEnable":true,"maxEventPerTimeUnit":1,"timeUnitToLimitEvents":1000000000,"addNRTOwnerEnable":true,"metricsMode":"disabled"}}